com\datingapp\datingapp\controller\MainController.class
com\datingapp\datingapp\services\PasswordService.class
com\datingapp\datingapp\repository\PicRepo.class
com\datingapp\datingapp\entity\MyPic.class
com\datingapp\datingapp\entity\Message.class
com\datingapp\datingapp\config\WebSocketConfig.class
com\datingapp\datingapp\services\MessageService.class
com\datingapp\datingapp\entity\UserPicId.class
com\datingapp\datingapp\repository\ChatRepo.class
com\datingapp\datingapp\entity\Like.class
com\datingapp\datingapp\repository\UserPicRepo.class
com\datingapp\datingapp\entity\ChatMessageDto.class
com\datingapp\datingapp\entity\User_pic.class
com\datingapp\datingapp\repository\ResidRepo.class
com\datingapp\datingapp\controller\UserController.class
com\datingapp\datingapp\repository\UserRepo.class
com\datingapp\datingapp\DatingappApplication.class
com\datingapp\datingapp\controller\NotificationController.class
com\datingapp\datingapp\controller\MessageController.class
com\datingapp\datingapp\entity\User.class
com\datingapp\datingapp\entity\Residence.class
com\datingapp\datingapp\entity\Chat.class
com\datingapp\datingapp\entity\Picture.class
com\datingapp\datingapp\repository\MessRepo.class
com\datingapp\datingapp\repository\LikeRepo.class
