C:\Users\dekha\IdeaProjects\DatingApp\src\main\java\com\datingapp\datingapp\repository\MessRepo.java
C:\Users\dekha\IdeaProjects\DatingApp\src\main\java\com\datingapp\datingapp\entity\Picture.java
C:\Users\dekha\IdeaProjects\DatingApp\src\main\java\com\datingapp\datingapp\entity\Like.java
C:\Users\dekha\IdeaProjects\DatingApp\src\main\java\com\datingapp\datingapp\config\WebSocketConfig.java
C:\Users\dekha\IdeaProjects\DatingApp\src\main\java\com\datingapp\datingapp\controller\MessageController.java
C:\Users\dekha\IdeaProjects\DatingApp\src\main\java\com\datingapp\datingapp\entity\MyPic.java
C:\Users\dekha\IdeaProjects\DatingApp\src\main\java\com\datingapp\datingapp\services\MessageService.java
C:\Users\dekha\IdeaProjects\DatingApp\src\main\java\com\datingapp\datingapp\entity\UserPicId.java
C:\Users\dekha\IdeaProjects\DatingApp\src\main\java\com\datingapp\datingapp\entity\Chat.java
C:\Users\dekha\IdeaProjects\DatingApp\src\main\java\com\datingapp\datingapp\DatingappApplication.java
C:\Users\dekha\IdeaProjects\DatingApp\src\main\java\com\datingapp\datingapp\repository\UserRepo.java
C:\Users\dekha\IdeaProjects\DatingApp\src\main\java\com\datingapp\datingapp\repository\ChatRepo.java
C:\Users\dekha\IdeaProjects\DatingApp\src\main\java\com\datingapp\datingapp\entity\ChatMessageDto.java
C:\Users\dekha\IdeaProjects\DatingApp\src\main\java\com\datingapp\datingapp\services\PasswordService.java
C:\Users\dekha\IdeaProjects\DatingApp\src\main\java\com\datingapp\datingapp\controller\UserController.java
C:\Users\dekha\IdeaProjects\DatingApp\src\main\java\com\datingapp\datingapp\repository\PicRepo.java
C:\Users\dekha\IdeaProjects\DatingApp\src\main\java\com\datingapp\datingapp\entity\User_pic.java
C:\Users\dekha\IdeaProjects\DatingApp\src\main\java\com\datingapp\datingapp\repository\LikeRepo.java
C:\Users\dekha\IdeaProjects\DatingApp\src\main\java\com\datingapp\datingapp\entity\Message.java
C:\Users\dekha\IdeaProjects\DatingApp\src\main\java\com\datingapp\datingapp\repository\UserPicRepo.java
C:\Users\dekha\IdeaProjects\DatingApp\src\main\java\com\datingapp\datingapp\repository\ResidRepo.java
C:\Users\dekha\IdeaProjects\DatingApp\src\main\java\com\datingapp\datingapp\controller\MainController.java
C:\Users\dekha\IdeaProjects\DatingApp\src\main\java\com\datingapp\datingapp\entity\User.java
C:\Users\dekha\IdeaProjects\DatingApp\src\main\java\com\datingapp\datingapp\entity\Residence.java
C:\Users\dekha\IdeaProjects\DatingApp\src\main\java\com\datingapp\datingapp\controller\NotificationController.java
